<html>
<body>
<pre>
<h1>µVision Build Log</h1>
<h2>Tool Versions:</h2>
IDE-Version: µVision V5.24.2.0
Copyright (C) 2017 ARM Ltd and ARM Germany GmbH. All rights reserved.
License Information: Khaled Mohammed, Faculty Of Engineering ASU, LIC=----
 
Tool Versions:
Toolchain:       MDK-Lite  Version: 5.24.1
Toolchain Path:  C:\Keil_v5\ARM\ARMCC\Bin
C Compiler:      Armcc.exe V5.06 update 5 (build 528)
Assembler:       Armasm.exe V5.06 update 5 (build 528)
Linker/Locator:  ArmLink.exe V5.06 update 5 (build 528)
Library Manager: ArmAr.exe V5.06 update 5 (build 528)
Hex Converter:   FromElf.exe V5.06 update 5 (build 528)
CPU DLL:         SARMCM3.DLL V5.24.1
Dialog DLL:      DCM.DLL V1.16.0.0
Target DLL:      lmidk-agdi.dll V???
Dialog DLL:      TCM.DLL V1.32.0.0
 
<h2>Project:</h2>
E:\keil5 lcd\lcddddd.uvprojx
Project File Date:  03/19/2019

<h2>Output:</h2>
*** Using Compiler 'V5.06 update 5 (build 528)', folder: 'C:\Keil_v5\ARM\ARMCC\Bin'
Rebuild target 'Target 1'
compiling Port_SetPinDirection.c...
compiling LCD_clearScreen.c...
compiling main.c...
main.c(28): warning:  #223-D: function "Button_Increment" declared implicitly
  		Button_Increment();
main.c: 1 warning, 0 errors
compiling itoa.c...
itoa.c(18): warning:  #1-D: last line of file ends without a newline
  }
itoa.c: 1 warning, 0 errors
compiling Port_Init.c...
compiling DIO.c...
DIO.c(16): warning:  #111-D: statement is unreachable
  		break;
DIO.c(20): warning:  #111-D: statement is unreachable
  		break;
DIO.c(24): warning:  #111-D: statement is unreachable
  		break;
DIO.c(28): warning:  #111-D: statement is unreachable
  		break;
DIO.c(32): warning:  #111-D: statement is unreachable
  		break;
DIO.c(36): warning:  #111-D: statement is unreachable
  		break;
DIO.c(150): warning:  #1-D: last line of file ends without a newline
  }
DIO.c: 7 warnings, 0 errors
compiling delay.c...
compiling LCD_displayCharacter.c...
LCD_displayCharacter.c(19): warning:  #1-D: last line of file ends without a newline
  }
LCD_displayCharacter.c: 1 warning, 0 errors
compiling LCD_displayString.c...
LCD_displayString.c(15): warning:  #1-D: last line of file ends without a newline
  }
LCD_displayString.c: 1 warning, 0 errors
compiling LCD_Init.c...
LCD_Init.c(28): warning:  #1-D: last line of file ends without a newline
  }
LCD_Init.c: 1 warning, 0 errors
compiling LCD_displayStringRowColumn.c...
LCD_displayStringRowColumn.c(10): warning:  #1-D: last line of file ends without a newline
  }
LCD_displayStringRowColumn.c: 1 warning, 0 errors
compiling LCD_goToRowColumn.c...
compiling LCD_sendCommand.c...
compiling Button_Decrement.c...
Button_Decrement.c(11): warning:  #1-D: last line of file ends without a newline
  	}
Button_Decrement.c: 1 warning, 0 errors
compiling LCD_intgerToString.c...
LCD_intgerToString.c(8): warning:  #223-D: function "itoa" declared implicitly
    itoa(data,buff,10); /* 10 for decimal */
LCD_intgerToString.c(10): warning:  #1-D: last line of file ends without a newline
  }
LCD_intgerToString.c: 2 warnings, 0 errors
compiling Button_Increment.c...
Button_Increment.c(21): warning:  #1-D: last line of file ends without a newline
  	}		
Button_Increment.c: 1 warning, 0 errors
assembling startup_TM4C123.s...
compiling Port_SetPinPullUp.c...
Port_SetPinPullUp.c(86): warning:  #1-D: last line of file ends without a newline
  }
Port_SetPinPullUp.c: 1 warning, 0 errors
compiling Button_Reset.c...
Button_Reset.c(9): warning:  #1-D: last line of file ends without a newline
  }
Button_Reset.c: 1 warning, 0 errors
compiling Port_SetPinPullDown.c...
Port_SetPinPullDown.c(86): warning:  #1-D: last line of file ends without a newline
  }
Port_SetPinPullDown.c: 1 warning, 0 errors
compiling system_TM4C123.c...
linking...
Program Size: Code=2876 RO-data=652 RW-data=4 ZI-data=612  
".\Objects\lcddddd.axf" - 0 Error(s), 20 Warning(s).

<h2>Software Packages used:</h2>

Package Vendor: ARM
                http://www.keil.com/pack/ARM.CMSIS.5.0.1.pack
                ARM.CMSIS.5.0.1
                CMSIS (Cortex Microcontroller Software Interface Standard)
   * Component: CORE Version: 5.0.1

Package Vendor: Keil
                http://www.keil.com/pack/Keil.TM4C_DFP.1.1.0.pack
                Keil.TM4C_DFP.1.1.0
                Texas Instruments Tiva C Series Device Support and Examples
   * Component: Startup Version: 1.0.1

<h2>Collection of Component include folders:</h2>
  .\RTE\_Target_1
  C:\Keil_v5\ARM\PACK\ARM\CMSIS\5.0.1\CMSIS\Include
  C:\Keil_v5\ARM\PACK\Keil\TM4C_DFP\1.1.0\Device\Include\TM4C123

<h2>Collection of Component Files used:</h2>

   * Component: Keil::Device:Startup:1.0.1
      Source file:   Device\Source\ARM\startup_TM4C123.s
      Source file:   Device\Source\system_TM4C123.c
      Include file:  Device\Include\TM4C123\TM4C123.h

   * Component: ARM::CMSIS:CORE:5.0.1
Build Time Elapsed:  00:00:04
</pre>
</body>
</html>
